// Jest Snapshot v1, https://goo.gl/fbAQLP

exports[`renders homepage unchanged 1`] = `
Array [
  <div
    className="w-full h-20 p-4 text-sm text-center text-white align-middle bg-brand-cyan-green font-secondary leading-6 sm:leading-0 sm:text-lg"
  >
    ðŸ‘‹ socii is currently in private pre-alpha mode.
    <div
      className="-mt-1"
    >
      You will need an invite!
    </div>
  </div>,
  <div
    className="h-screen grid grid-cols-2 bg-gradient-to-bl via-brand-light-est to-brand-light from-brand-shade-blue"
  >
    <div
      className="z-10 flex flex-col justify-center mx-auto"
    >
      <div
        className="px-4 pt-4 text-6xl sm:text-8xl sm:pt-32 font-primary animate-fade-in-down"
      >
        Invest Together.
      </div>
      <div
        className="px-4 pt-8 text-2xl sm:text-4xl font-primary animate-fade-in-up"
      >
        Secure Your Financial
      </div>
      <div
        className="px-4 pb-4 text-2xl sm:text-4xl font-primary animate-fade-in-up"
      >
        Future With Friends.
      </div>
      <div
        className="my-12 ml-8 sm:ml-32 sm:mt-16"
      >
        <form
          className="flex justify-center w-full max-w-lg px-2 mx-auto font-secondary group"
          onSubmit={[Function]}
        >
          <input
            className="w-2/3 border border-r-0 rounded-l-lg outline-none border-palette-light group-focus-within:ring-2 group-focus-within:ring-brand group-focus-within:border-transparent group-hover:ring-2 group-hover:ring-brand group-hover:border-transparent"
            onChange={[Function]}
            placeholder="Your email here"
            required={true}
            type="email"
          />
          <button
            className="py-3 px-4 bg-brand group-hover:bg-palette-lighter text-white text-tiny sm:text-sm font-semibold rounded-r-lg border border-transparent 
          outline-none group-focus-within:ring-2 group-focus-within:ring-brand group-focus-within:border-transparentactive:border-none active:ring-0 group-hover:ring-2 group-hover:ring-brand group-hover:border-transparent"
            type="submit"
          >
            Get Invited
          </button>
        </form>
      </div>
    </div>
  </div>,
  <section
    className="flex items-center justify-center h-screen mx-auto bg-gradient-to-l from-brand-light-est to-brand-light"
  >
    <div
      className="container p-4 mx-auto max-w-7xl sm:p-6 lg:p-8 dark:bg-gray-800"
    >
      <div
        className="flex flex-wrap -mx-8"
      >
        <div
          className="w-full px-8 lg:w-1/2"
        >
          <div
            className="pb-12 mb-12 border-b lg:mb-0 lg:pb-0 lg:border-b-0"
          >
            <h2
              className="mb-4 text-4xl font-bold lg:text-4xl font-heading dark:text-white"
            >
              Investing with friends
            </h2>
            <h2
              className="mb-4 text-4xl font-extrabold text-transparent bg-gradient-to-r bg-clip-text to-brand-lightGreen from-brand via-brand-cyan-vivid lg:text-4xl font-heading dark:text-white"
            >
              has never been easier!
            </h2>
            <p
              className="mb-8 leading-loose text-gray-600 dark:text-gray-300"
            >
              Before 
              <span
                className="font-bold"
              >
                socii
              </span>
               investing with friends meant setting up an investment club. A clumsy process with many legal, tax & auditory issues to worry about
            </p>
          </div>
        </div>
        <div
          className="w-full px-8 lg:w-1/2"
        >
          <ul
            className="space-y-12"
          >
            <li
              className="flex p-2 -mx-4 border-2 border-transparent rounded-xl transition duration-300 hover:border-brand hover:btn-transition animate-fade-in-down"
            >
              <div
                className="px-4"
              >
                <span
                  className="flex items-center justify-center w-16 h-16 mx-auto text-2xl font-bold rounded-full text-brand font-heading bg-brand-natural-dark/5"
                >
                  1
                </span>
              </div>
              <div
                className="px-4"
              >
                <h3
                  className="my-4 text-xl font-semibold dark:text-white"
                >
                  Sign Up
                </h3>
                <p
                  className="leading-loose text-gray-600 dark:text-gray-300"
                >
                  Get a free account to start Investing with friends.
                </p>
              </div>
            </li>
            <li
              className="flex p-2 -mx-4 border-2 border-transparent rounded-xl transition duration-300 hover:border-brand hover:btn-transition animate-fade-in-down"
            >
              <div
                className="px-4"
              >
                <span
                  className="flex items-center justify-center w-16 h-16 mx-auto text-2xl font-bold rounded-full text-brand font-heading bg-brand-natural-dark/5"
                >
                  2
                </span>
              </div>
              <div
                className="px-4"
              >
                <h3
                  className="my-4 text-xl font-semibold dark:text-white"
                >
                  Invite Your Friends
                </h3>
                <p
                  className="leading-loose text-gray-600 dark:text-gray-300"
                >
                  Invite your friends to join your investment club.
                </p>
              </div>
            </li>
            <li
              className="flex p-2 -mx-4 border-2 border-transparent rounded-xl transition duration-300 hover:border-brand hover:btn-transition animate-fade-in-down"
            >
              <div
                className="px-4"
              >
                <span
                  className="flex items-center justify-center w-16 h-16 mx-auto text-2xl font-bold rounded-full text-brand font-heading bg-brand-natural-dark/5"
                >
                  3
                </span>
              </div>
              <div
                className="px-4"
              >
                <h3
                  className="my-4 text-xl font-semibold dark:text-white"
                >
                  Start Investing Together
                </h3>
                <p
                  className="leading-loose text-gray-600 dark:text-gray-300"
                >
                  Once everyone is signed up, simply start discussing & placing orders!
                </p>
              </div>
            </li>
          </ul>
        </div>
      </div>
    </div>
  </section>,
  <div
    className="py-8 text-black bg-gradient-to-br to-brand-lightTeal via-brand-light-est from-brand-light"
  >
    <div
      className="container flex flex-col items-start mx-auto my-12 md:flex-row md:my-24"
    >
      <div
        className="sticky flex flex-col w-full px-8 mt-2 md:top-36 lg:w-1/3 md:mt-12"
      >
        <p
          className="text-xs uppercase text-brand tracking-loose font-primary"
        >
          Social Investing
        </p>
        <p
          className="mb-2 text-3xl font-extrabold leading-normal md:text-4xl md:leading-relaxed font-primary"
        >
          What is 
          <a
            className="text-3xl md:text-4xl font-primary mx-4 flex flex-row"
            href="/"
            onClick={[Function]}
            onMouseEnter={[Function]}
          >
            <span
              className="-mr-0.5"
            >
              s
            </span>
            <svg
              className="mt-[0.25rem]"
              height="1em"
              viewBox="0 0 4000 4000"
              width="1em"
              xmlns="http://www.w3.org/2000/svg"
            >
              <defs>
                <linearGradient
                  gradientTransform="matrix(1219.2469 0 0 -1219.2469 859.643 1468.745)"
                  gradientUnits="userSpaceOnUse"
                  id="prefix__a"
                  spreadMethod="pad"
                  x1={0}
                  x2={1}
                  y1={0}
                  y2={0}
                >
                  <stop
                    offset={0}
                    stopColor="#29b7c3"
                  />
                  <stop
                    offset={1}
                    stopColor="#42b59d"
                  />
                </linearGradient>
                <linearGradient
                  gradientTransform="matrix(1524.3737 0 0 -1524.3737 385.617 1548.64)"
                  gradientUnits="userSpaceOnUse"
                  id="prefix__b"
                  spreadMethod="pad"
                  x1={0}
                  x2={1}
                  y1={0}
                  y2={0}
                >
                  <stop
                    offset={0}
                    stopColor="#29b7c3"
                  />
                  <stop
                    offset={1}
                    stopColor="#42b59d"
                  />
                </linearGradient>
                <linearGradient
                  gradientTransform="matrix(1524.533 0 0 -1524.533 1028.835 1388.85)"
                  gradientUnits="userSpaceOnUse"
                  id="prefix__c"
                  spreadMethod="pad"
                  x1={0}
                  x2={1}
                  y1={0}
                  y2={0}
                >
                  <stop
                    offset={0}
                    stopColor="#29b7c3"
                  />
                  <stop
                    offset={1}
                    stopColor="#42b59d"
                  />
                </linearGradient>
              </defs>
              <path
                d="M1038.262 1899.928c-115.177-115.179-178.619-268.304-178.619-431.195 0-162.868 63.442-315.991 178.619-431.169 114.971-114.96 268.096-178.279 431.169-178.279 163.074 0 316.187 63.319 431.158 178.279 237.734 237.745 237.734 624.617 0 862.364-114.984 114.959-268.109 178.277-431.171 178.277-163.06 0-316.174-63.318-431.156-178.277m103.364-758.964c-87.578 87.527-135.8 203.941-135.8 327.769 0 123.852 48.222 240.266 135.8 327.793 87.431 87.431 203.843 135.581 327.792 135.581 123.963 0 240.377-48.15 327.806-135.581 87.432-87.405 135.571-203.819 135.571-327.769 0-123.973-48.139-240.387-135.571-327.793-87.429-87.432-203.843-135.581-327.806-135.581-123.96 0-240.374 48.149-327.792 135.581"
                fill="url(#prefix__a)"
                transform="matrix(1.33333 0 0 -1.33333 0 4000)"
              />
              <path
                d="M702.351 2235.813C339.116 1872.568 281.381 1298.135 565.06 869.97l7.853-11.848-6.254-12.772c-39.329-80.355-23.409-176.678 39.632-239.733 39.404-39.377 91.866-61.09 147.747-61.09 55.88 0 108.356 21.69 147.746 61.09 81.471 81.471 81.471 214.022 0 295.493-39.245 39.255-91.586 60.87-147.382 60.87a212.12 212.12 0 01-50.779-6.176l-17.351-4.29-9.572 15.095c-233.01 367.753-178.752 858.052 129.025 1165.83 176.873 176.874 412.439 274.287 663.282 274.287 124.034 0 244.348-23.699 358.049-70.491 19.494 46.333 47.205 87.649 82.621 123.053.107.095.218.193.313.314-137.882 61.018-289.589 93.151-441.152 93.151-289.906 0-562.111-112.561-766.487-316.94M667.175 666.515c-23.176 23.166-35.937 54.013-35.937 86.848 0 32.86 12.761 63.707 35.937 86.875 23.18 23.166 54.027 35.935 86.863 35.935 32.846 0 63.696-12.769 86.872-35.935 47.897-47.885 47.897-125.841 0-173.723-23.165-23.191-54.026-35.938-86.872-35.938-32.836 0-63.696 12.747-86.863 35.938"
                fill="url(#prefix__b)"
                transform="matrix(1.33333 0 0 -1.33333 0 4000)"
              />
              <path
                d="M2037.055 2331.873c-39.403-39.403-61.091-91.866-61.091-147.747 0-55.88 21.688-108.343 61.091-147.746 39.245-39.256 91.599-60.871 147.419-60.871a212.56 212.56 0 0150.695 6.154l17.35 4.289 9.559-15.096c233.021-367.754 178.788-858.051-128.966-1165.803-176.874-176.874-412.437-274.265-663.28-274.265-124.034 0-244.349 23.699-358.049 70.469-19.494-46.334-47.218-87.65-82.62-123.055-.108-.096-.219-.216-.328-.315 137.883-61.018 289.59-93.149 441.142-93.149h.024c289.869 0 562.112 112.56 766.487 316.939 363.368 363.366 421.162 937.894 137.411 1366.085l-7.839 11.849 6.228 12.748c39.195 80.305 23.227 176.556-39.741 239.514-39.404 39.377-91.866 61.09-147.747 61.09-55.879 0-108.355-21.689-147.745-61.09m60.871-234.619c-47.894 47.883-47.894 125.838 0 173.721 23.169 23.191 54.028 35.938 86.874 35.938 32.837 0 63.697-12.747 86.863-35.938 23.177-23.166 35.935-54.013 35.935-86.872 0-32.836-12.758-63.683-35.935-86.849-23.18-23.166-54.026-35.937-86.863-35.937-32.846 0-63.695 12.771-86.874 35.937"
                fill="url(#prefix__c)"
                transform="matrix(1.33333 0 0 -1.33333 0 4000)"
              />
            </svg>
            <span
              className="-ml-0.5"
            >
              cii
            </span>
          </a>
          ?
        </p>
        <p
          className="mb-4 text-sm text-black md:text-base"
        />
        <a
          className="bg-transparent mr-auto hover:bg-brand-lightTeal text-brand hover:text-brand-shade-dark rounded shadow hover:shadow-lg py-2 px-4 border border-brand hover:border-transparent undefined"
          href="/"
          onClick={[Function]}
          onMouseEnter={[Function]}
        >
          Explore Now
        </a>
      </div>
      <div
        className="sticky ml-0 md:ml-12 lg:w-2/3"
      >
        <div
          className="container w-full h-full mx-auto"
        >
          <div
            className="relative h-full p-10 overflow-hidden wrap"
          >
            <div
              className="absolute h-full border-2 border-teal-300 border-2-2 right-1/2"
            />
            <div
              className="absolute h-full border-2 border-teal-300 border-2-2 left-1/2"
            />
            <div
              className="mb-8 flex justify-between flex-row-reverse items-center w-full"
            >
              <div
                className="order-1 w-5/12"
              />
              <div
                className="order-1 w-5/12 px-1 py-4 text-right"
              >
                <p
                  className="mb-3 text-sm text-brand font-primary"
                >
                  Social Investment Platform
                </p>
                <div
                  className="mb-3 text-lg font-bold md:text-2xl font-primary"
                >
                  Find & Share Investment Ideas
                </div>
                <p
                  className="text-xs leading-snug text-gray-500 md:text-base font-secondary"
                >
                  Chat with friends in group chats & forums about potential investments
                </p>
              </div>
            </div>
            <div
              className="mb-8 flex justify-between  items-center w-full"
            >
              <div
                className="order-1 w-5/12"
              />
              <div
                className="order-1 w-5/12 px-1 py-4 text-right"
              >
                <p
                  className="mb-3 text-sm text-brand font-primary"
                >
                  Incorporation Free
                </p>
                <div
                  className="mb-3 text-lg font-bold md:text-2xl font-primary"
                >
                  No Incorporation
                </div>
                <p
                  className="text-xs leading-snug text-gray-500 md:text-base font-secondary"
                >
                  No need to create a company just to invest with friends!
                </p>
              </div>
            </div>
            <div
              className="mb-8 flex justify-between flex-row-reverse items-center w-full"
            >
              <div
                className="order-1 w-5/12"
              />
              <div
                className="order-1 w-5/12 px-1 py-4 text-right"
              >
                <p
                  className="mb-3 text-sm text-brand font-primary"
                >
                  Competitive Leagues
                </p>
                <div
                  className="mb-3 text-lg font-bold md:text-2xl font-primary"
                >
                  Public Group Leaderboards
                </div>
                <p
                  className="text-xs leading-snug text-gray-500 md:text-base font-secondary"
                >
                  Go head to head with and gain investment ideas from other groups
                </p>
              </div>
            </div>
            <div
              className="mb-8 flex justify-between  items-center w-full"
            >
              <div
                className="order-1 w-5/12"
              />
              <div
                className="order-1 w-5/12 px-1 py-4 text-right"
              >
                <p
                  className="mb-3 text-sm text-brand font-primary"
                >
                  Group Trade Execution
                </p>
                <div
                  className="mb-3 text-lg font-bold md:text-2xl font-primary"
                >
                  Execute Trades Directly From Chat
                </div>
                <p
                  className="text-xs leading-snug text-gray-500 md:text-base font-secondary"
                >
                  Use chat bot to set up & execute trades
                </p>
              </div>
            </div>
          </div>
        </div>
      </div>
    </div>
  </div>,
  <div
    className="overflow-hidden bg-gray-100 max-h-lg"
  >
    <div
      className="flex flex-col items-center justify-center w-5/6 max-w-lg mx-auto text-center"
    >
      <div
        className="mt-8 space-y-8"
      >
        <h1
          className="text-3xl font-extrabold font-primary sm:text-4xl md:text-5xl md:leading-tight"
        >
          Get your
          <span
            className="text-palette-primary"
          >
             Invite!
          </span>
          <p
            className="text-base font-thin font-primary"
          >
            Use the email linked to your google or facebook account to get invited.
          </p>
        </h1>
        <form
          className="flex justify-center w-full max-w-lg px-2 mx-auto font-secondary group"
          onSubmit={[Function]}
        >
          <input
            className="w-2/3 border border-r-0 rounded-l-lg outline-none border-palette-light group-focus-within:ring-2 group-focus-within:ring-brand group-focus-within:border-transparent group-hover:ring-2 group-hover:ring-brand group-hover:border-transparent"
            onChange={[Function]}
            placeholder="Your email here"
            required={true}
            type="email"
          />
          <button
            className="py-3 px-4 bg-brand group-hover:bg-palette-lighter text-white text-tiny sm:text-sm font-semibold rounded-r-lg border border-transparent 
          outline-none group-focus-within:ring-2 group-focus-within:ring-brand group-focus-within:border-transparentactive:border-none active:ring-0 group-hover:ring-2 group-hover:ring-brand group-hover:border-transparent"
            type="submit"
          >
            Get Invited
          </button>
        </form>
      </div>
      <div
        className="h-80"
      >
        <div
          className="rounded-t-[calc(100vh*2)] bg-white w-[calc(400vh)] h-[calc(400vh)] mt-12 overflow-hidden"
        >
          <footer
            className="py-8 mt-2 bg-white dark:bg-gray-800"
          >
            <a
              className="text-5xl font-primary mx-4 flex flex-row"
              href="/"
              onClick={[Function]}
              onMouseEnter={[Function]}
            >
              <span
                className="-mr-0.5"
              >
                s
              </span>
              <svg
                className="mt-[0.25rem]"
                height="1em"
                viewBox="0 0 4000 4000"
                width="1em"
                xmlns="http://www.w3.org/2000/svg"
              >
                <defs>
                  <linearGradient
                    gradientTransform="matrix(1219.2469 0 0 -1219.2469 859.643 1468.745)"
                    gradientUnits="userSpaceOnUse"
                    id="prefix__a"
                    spreadMethod="pad"
                    x1={0}
                    x2={1}
                    y1={0}
                    y2={0}
                  >
                    <stop
                      offset={0}
                      stopColor="#29b7c3"
                    />
                    <stop
                      offset={1}
                      stopColor="#42b59d"
                    />
                  </linearGradient>
                  <linearGradient
                    gradientTransform="matrix(1524.3737 0 0 -1524.3737 385.617 1548.64)"
                    gradientUnits="userSpaceOnUse"
                    id="prefix__b"
                    spreadMethod="pad"
                    x1={0}
                    x2={1}
                    y1={0}
                    y2={0}
                  >
                    <stop
                      offset={0}
                      stopColor="#29b7c3"
                    />
                    <stop
                      offset={1}
                      stopColor="#42b59d"
                    />
                  </linearGradient>
                  <linearGradient
                    gradientTransform="matrix(1524.533 0 0 -1524.533 1028.835 1388.85)"
                    gradientUnits="userSpaceOnUse"
                    id="prefix__c"
                    spreadMethod="pad"
                    x1={0}
                    x2={1}
                    y1={0}
                    y2={0}
                  >
                    <stop
                      offset={0}
                      stopColor="#29b7c3"
                    />
                    <stop
                      offset={1}
                      stopColor="#42b59d"
                    />
                  </linearGradient>
                </defs>
                <path
                  d="M1038.262 1899.928c-115.177-115.179-178.619-268.304-178.619-431.195 0-162.868 63.442-315.991 178.619-431.169 114.971-114.96 268.096-178.279 431.169-178.279 163.074 0 316.187 63.319 431.158 178.279 237.734 237.745 237.734 624.617 0 862.364-114.984 114.959-268.109 178.277-431.171 178.277-163.06 0-316.174-63.318-431.156-178.277m103.364-758.964c-87.578 87.527-135.8 203.941-135.8 327.769 0 123.852 48.222 240.266 135.8 327.793 87.431 87.431 203.843 135.581 327.792 135.581 123.963 0 240.377-48.15 327.806-135.581 87.432-87.405 135.571-203.819 135.571-327.769 0-123.973-48.139-240.387-135.571-327.793-87.429-87.432-203.843-135.581-327.806-135.581-123.96 0-240.374 48.149-327.792 135.581"
                  fill="url(#prefix__a)"
                  transform="matrix(1.33333 0 0 -1.33333 0 4000)"
                />
                <path
                  d="M702.351 2235.813C339.116 1872.568 281.381 1298.135 565.06 869.97l7.853-11.848-6.254-12.772c-39.329-80.355-23.409-176.678 39.632-239.733 39.404-39.377 91.866-61.09 147.747-61.09 55.88 0 108.356 21.69 147.746 61.09 81.471 81.471 81.471 214.022 0 295.493-39.245 39.255-91.586 60.87-147.382 60.87a212.12 212.12 0 01-50.779-6.176l-17.351-4.29-9.572 15.095c-233.01 367.753-178.752 858.052 129.025 1165.83 176.873 176.874 412.439 274.287 663.282 274.287 124.034 0 244.348-23.699 358.049-70.491 19.494 46.333 47.205 87.649 82.621 123.053.107.095.218.193.313.314-137.882 61.018-289.589 93.151-441.152 93.151-289.906 0-562.111-112.561-766.487-316.94M667.175 666.515c-23.176 23.166-35.937 54.013-35.937 86.848 0 32.86 12.761 63.707 35.937 86.875 23.18 23.166 54.027 35.935 86.863 35.935 32.846 0 63.696-12.769 86.872-35.935 47.897-47.885 47.897-125.841 0-173.723-23.165-23.191-54.026-35.938-86.872-35.938-32.836 0-63.696 12.747-86.863 35.938"
                  fill="url(#prefix__b)"
                  transform="matrix(1.33333 0 0 -1.33333 0 4000)"
                />
                <path
                  d="M2037.055 2331.873c-39.403-39.403-61.091-91.866-61.091-147.747 0-55.88 21.688-108.343 61.091-147.746 39.245-39.256 91.599-60.871 147.419-60.871a212.56 212.56 0 0150.695 6.154l17.35 4.289 9.559-15.096c233.021-367.754 178.788-858.051-128.966-1165.803-176.874-176.874-412.437-274.265-663.28-274.265-124.034 0-244.349 23.699-358.049 70.469-19.494-46.334-47.218-87.65-82.62-123.055-.108-.096-.219-.216-.328-.315 137.883-61.018 289.59-93.149 441.142-93.149h.024c289.869 0 562.112 112.56 766.487 316.939 363.368 363.366 421.162 937.894 137.411 1366.085l-7.839 11.849 6.228 12.748c39.195 80.305 23.227 176.556-39.741 239.514-39.404 39.377-91.866 61.09-147.747 61.09-55.879 0-108.355-21.689-147.745-61.09m60.871-234.619c-47.894 47.883-47.894 125.838 0 173.721 23.169 23.191 54.028 35.938 86.874 35.938 32.837 0 63.697-12.747 86.863-35.938 23.177-23.166 35.935-54.013 35.935-86.872 0-32.836-12.758-63.683-35.935-86.849-23.18-23.166-54.026-35.937-86.863-35.937-32.846 0-63.695 12.771-86.874 35.937"
                  fill="url(#prefix__c)"
                  transform="matrix(1.33333 0 0 -1.33333 0 4000)"
                />
              </svg>
              <span
                className="-ml-0.5"
              >
                cii
              </span>
            </a>
            <div
              className=" grid grid-rows-2 space-y-4 divide-y"
            >
              <div
                className="px-4 mx-auto max-w-screen-xl"
              >
                <ul
                  className="flex flex-wrap justify-between mx-auto text-lg font-light max-w-screen-md"
                >
                  <li
                    className="m-2"
                  >
                    <a
                      className="text-gray-800 hover:text-brand dark:text-gray-300 dark:hover:text-white transition-colors duration-200"
                      href="/"
                    >
                      FAQ
                    </a>
                  </li>
                  <li
                    className="m-2"
                  >
                    <a
                      className="text-gray-800 hover:text-brand dark:text-gray-300 dark:hover:text-white transition-colors duration-200"
                      href="/"
                    >
                      Terms & Conditions
                    </a>
                  </li>
                  <li
                    className="m-2"
                  >
                    <a
                      className="text-gray-800 hover:text-brand dark:text-gray-300 dark:hover:text-white transition-colors duration-200"
                      href="/"
                    >
                      About Us
                    </a>
                  </li>
                </ul>
                <div
                  className="flex items-center justify-between max-w-xs pt-4 mx-auto"
                >
                  <a
                    title="socii On Facebook"
                  >
                    <svg
                      className="w-12 h-12 p-2  font-bold tracking-wide hover:text-white hover:bg-facebook text-facebook transition duration-500"
                      fill="currentColor"
                      height="1em"
                      stroke="currentColor"
                      strokeWidth="0"
                      style={
                        Object {
                          "color": undefined,
                        }
                      }
                      viewBox="0 0 512 512"
                      width="1em"
                      xmlns="http://www.w3.org/2000/svg"
                    >
                      <path
                        d="M504 256C504 119 393 8 256 8S8 119 8 256c0 123.78 90.69 226.38 209.25 245V327.69h-63V256h63v-54.64c0-62.15 37-96.48 93.67-96.48 27.14 0 55.52 4.84 55.52 4.84v61h-31.28c-30.8 0-40.41 19.12-40.41 38.73V256h68.78l-11 71.69h-57.78V501C413.31 482.38 504 379.78 504 256z"
                      />
                    </svg>
                  </a>
                  <a
                    title="socii On Twitter"
                  >
                    <svg
                      className="w-12 h-12 p-2  font-bold tracking-wide hover:text-white hover:bg-twitter text-twitter transition duration-500"
                      fill="currentColor"
                      height="1em"
                      stroke="currentColor"
                      strokeWidth="0"
                      style={
                        Object {
                          "color": undefined,
                        }
                      }
                      viewBox="0 0 512 512"
                      width="1em"
                      xmlns="http://www.w3.org/2000/svg"
                    >
                      <path
                        d="M459.37 151.716c.325 4.548.325 9.097.325 13.645 0 138.72-105.583 298.558-298.558 298.558-59.452 0-114.68-17.219-161.137-47.106 8.447.974 16.568 1.299 25.34 1.299 49.055 0 94.213-16.568 130.274-44.832-46.132-.975-84.792-31.188-98.112-72.772 6.498.974 12.995 1.624 19.818 1.624 9.421 0 18.843-1.3 27.614-3.573-48.081-9.747-84.143-51.98-84.143-102.985v-1.299c13.969 7.797 30.214 12.67 47.431 13.319-28.264-18.843-46.781-51.005-46.781-87.391 0-19.492 5.197-37.36 14.294-52.954 51.655 63.675 129.3 105.258 216.365 109.807-1.624-7.797-2.599-15.918-2.599-24.04 0-57.828 46.782-104.934 104.934-104.934 30.213 0 57.502 12.67 76.67 33.137 23.715-4.548 46.456-13.32 66.599-25.34-7.798 24.366-24.366 44.833-46.132 57.827 21.117-2.273 41.584-8.122 60.426-16.243-14.292 20.791-32.161 39.308-52.628 54.253z"
                      />
                    </svg>
                  </a>
                  <a
                    title="socii On Medium"
                  >
                    <svg
                      className="w-12 h-12 p-2  font-bold tracking-wide hover:text-white hover:bg-black transition duration-500"
                      fill="currentColor"
                      height="1em"
                      stroke="currentColor"
                      strokeWidth="0"
                      style={
                        Object {
                          "color": undefined,
                        }
                      }
                      viewBox="0 0 448 512"
                      width="1em"
                      xmlns="http://www.w3.org/2000/svg"
                    >
                      <path
                        d="M0 32v448h448V32H0zm372.2 106.1l-24 23c-2.1 1.6-3.1 4.2-2.7 6.7v169.3c-.4 2.6.6 5.2 2.7 6.7l23.5 23v5.1h-118V367l24.3-23.6c2.4-2.4 2.4-3.1 2.4-6.7V199.8l-67.6 171.6h-9.1L125 199.8v115c-.7 4.8 1 9.7 4.4 13.2l31.6 38.3v5.1H71.2v-5.1l31.6-38.3c3.4-3.5 4.9-8.4 4.1-13.2v-133c.4-3.7-1-7.3-3.8-9.8L75 138.1V133h87.3l67.4 148L289 133.1h83.2v5z"
                      />
                    </svg>
                  </a>
                </div>
              </div>
              <div
                className="flex items-center justify-center w-full h-8 mx-auto mt-4 text-sm text-gray-400 uppercase font-extrathin font-primary"
              >
                Â© 2021 socii. all rights reserved.
              </div>
            </div>
          </footer>
        </div>
      </div>
    </div>
  </div>,
]
`;
